// Jest Snapshot v1, https://goo.gl/fbAQLP

exports[`AlphaSynthTests midi-bank 1`] = `
Array [
  Map {
    "track" => 0,
    "tick" => 0,
    "type" => 176,
    "channel" => 0,
    "controller" => 0,
    "value" => 0,
  },
  Map {
    "track" => 0,
    "tick" => 0,
    "type" => 176,
    "channel" => 0,
    "controller" => 32,
    "value" => 77,
  },
  Map {
    "track" => 0,
    "tick" => 0,
    "type" => 176,
    "channel" => 1,
    "controller" => 0,
    "value" => 0,
  },
  Map {
    "track" => 0,
    "tick" => 0,
    "type" => 176,
    "channel" => 1,
    "controller" => 32,
    "value" => 77,
  },
  Map {
    "track" => 1,
    "tick" => 0,
    "type" => 176,
    "channel" => 2,
    "controller" => 0,
    "value" => 0,
  },
  Map {
    "track" => 1,
    "tick" => 0,
    "type" => 176,
    "channel" => 2,
    "controller" => 32,
    "value" => 50,
  },
  Map {
    "track" => 1,
    "tick" => 0,
    "type" => 176,
    "channel" => 3,
    "controller" => 0,
    "value" => 0,
  },
  Map {
    "track" => 1,
    "tick" => 0,
    "type" => 176,
    "channel" => 3,
    "controller" => 32,
    "value" => 50,
  },
  Map {
    "track" => 0,
    "tick" => 3840,
    "type" => 176,
    "channel" => 0,
    "controller" => 0,
    "value" => 7,
  },
  Map {
    "track" => 0,
    "tick" => 3840,
    "type" => 176,
    "channel" => 0,
    "controller" => 32,
    "value" => 104,
  },
  Map {
    "track" => 0,
    "tick" => 3840,
    "type" => 176,
    "channel" => 1,
    "controller" => 0,
    "value" => 7,
  },
  Map {
    "track" => 0,
    "tick" => 3840,
    "type" => 176,
    "channel" => 1,
    "controller" => 32,
    "value" => 104,
  },
  Map {
    "track" => 1,
    "tick" => 5760,
    "type" => 176,
    "channel" => 2,
    "controller" => 0,
    "value" => 31,
  },
  Map {
    "track" => 1,
    "tick" => 5760,
    "type" => 176,
    "channel" => 2,
    "controller" => 32,
    "value" => 32,
  },
  Map {
    "track" => 1,
    "tick" => 5760,
    "type" => 176,
    "channel" => 3,
    "controller" => 0,
    "value" => 31,
  },
  Map {
    "track" => 1,
    "tick" => 5760,
    "type" => 176,
    "channel" => 3,
    "controller" => 32,
    "value" => 32,
  },
]
`;
